// Jest Snapshot v1, https://goo.gl/fbAQLP

exports[`matches snapshot 1`] = `
<DocumentFragment>
  <div
    class="m-2"
  >
    <button
      class="btn-danger ms-2 btn btn-primary"
      type="button"
    >
      delete
    </button>
  </div>
</DocumentFragment>
`;
