// Jest Snapshot v1, https://goo.gl/fbAQLP

exports[`matches snapshot 1`] = `
<DocumentFragment>
  <div
    class="TodoList d-flex"
  >
    <form
      class="Todo-form"
    >
      <div
        class="mb-3"
      >
        <label
          class="form-label"
          for="text"
        >
          What do you need todo?
        </label>
        <input
          class="form-control"
          id="text"
          name="text"
          placeholder="Enter a new todo"
          type="string"
          value=""
        />
      </div>
      <button
        class="btn btn-primary"
        type="submit"
      >
        Add
      </button>
    </form>
    <div
      class="TodoList-list"
    >
      <h1>
        Title
      </h1>
      <ul />
    </div>
  </div>
</DocumentFragment>
`;
